#-----------------------------------------------------------
# Vivado v2016.4 (64-bit)
# SW Build 1733598 on Wed Dec 14 22:35:39 MST 2016
# IP Build 1731160 on Wed Dec 14 23:47:21 MST 2016
# Start of session at: Wed Mar 29 22:02:07 2017
# Process ID: 4400
# Current directory: C:/Users/Gleb/Downloads/EE270_GroupProject
# Command line: vivado.exe -gui_launcher_event rodinguilauncherevent6824 C:\Users\Gleb\Downloads\EE270_GroupProject\EE270_GroupProject.xpr
# Log file: C:/Users/Gleb/Downloads/EE270_GroupProject/vivado.log
# Journal file: C:/Users/Gleb/Downloads/EE270_GroupProject\vivado.jou
#-----------------------------------------------------------
start_gui
open_project C:/Users/Gleb/Downloads/EE270_GroupProject/EE270_GroupProject.xpr
reset_run synth_2
launch_runs synth_2
wait_on_run synth_2
launch_runs impl_2
wait_on_run impl_2
launch_runs impl_2 -to_step write_bitstream
wait_on_run impl_2
open_hw
connect_hw_server
open_hw_target
set_property PROGRAM.FILE {C:/Users/Gleb/Downloads/EE270_GroupProject/EE270_GroupProject.runs/impl_2/egg_timer.bit} [lindex [get_hw_devices xc7a35t_0] 0]
current_hw_device [lindex [get_hw_devices xc7a35t_0] 0]
refresh_hw_device -update_hw_probes false [lindex [get_hw_devices xc7a35t_0] 0]
set_property PROBES.FILE {} [lindex [get_hw_devices xc7a35t_0] 0]
set_property PROGRAM.FILE {C:/Users/Gleb/Downloads/EE270_GroupProject/EE270_GroupProject.runs/impl_2/egg_timer.bit} [lindex [get_hw_devices xc7a35t_0] 0]
program_hw_devices [lindex [get_hw_devices xc7a35t_0] 0]
refresh_hw_device [lindex [get_hw_devices xc7a35t_0] 0]
set_property PROBES.FILE {} [lindex [get_hw_devices xc7a35t_0] 0]
set_property PROGRAM.FILE {C:/Users/Gleb/Downloads/EE270_GroupProject/EE270_GroupProject.runs/impl_2/egg_timer.bit} [lindex [get_hw_devices xc7a35t_0] 0]
program_hw_devices [lindex [get_hw_devices xc7a35t_0] 0]
refresh_hw_device [lindex [get_hw_devices xc7a35t_0] 0]
